Archive member included to satisfy reference by file (symbol)

c:/ac6/systemworkbench/plugins/fr.ac6.mcu.externaltools.arm-none.win32_1.17.0.201812190825/tools/compiler/bin/../lib/gcc/arm-none-eabi/7.3.1/../../../../arm-none-eabi/lib/thumb/v7-m\libc.a(lib_a-errno.o)
                              src/syscalls.o (__errno)
c:/ac6/systemworkbench/plugins/fr.ac6.mcu.externaltools.arm-none.win32_1.17.0.201812190825/tools/compiler/bin/../lib/gcc/arm-none-eabi/7.3.1/../../../../arm-none-eabi/lib/thumb/v7-m\libc.a(lib_a-exit.o)
                              c:/ac6/systemworkbench/plugins/fr.ac6.mcu.externaltools.arm-none.win32_1.17.0.201812190825/tools/compiler/bin/../lib/gcc/arm-none-eabi/7.3.1/../../../../arm-none-eabi/lib/thumb/v7-m/crt0.o (exit)
c:/ac6/systemworkbench/plugins/fr.ac6.mcu.externaltools.arm-none.win32_1.17.0.201812190825/tools/compiler/bin/../lib/gcc/arm-none-eabi/7.3.1/../../../../arm-none-eabi/lib/thumb/v7-m\libc.a(lib_a-impure.o)
                              c:/ac6/systemworkbench/plugins/fr.ac6.mcu.externaltools.arm-none.win32_1.17.0.201812190825/tools/compiler/bin/../lib/gcc/arm-none-eabi/7.3.1/../../../../arm-none-eabi/lib/thumb/v7-m\libc.a(lib_a-exit.o) (_global_impure_ptr)
c:/ac6/systemworkbench/plugins/fr.ac6.mcu.externaltools.arm-none.win32_1.17.0.201812190825/tools/compiler/bin/../lib/gcc/arm-none-eabi/7.3.1/../../../../arm-none-eabi/lib/thumb/v7-m\libc.a(lib_a-init.o)
                              c:/ac6/systemworkbench/plugins/fr.ac6.mcu.externaltools.arm-none.win32_1.17.0.201812190825/tools/compiler/bin/../lib/gcc/arm-none-eabi/7.3.1/../../../../arm-none-eabi/lib/thumb/v7-m/crt0.o (__libc_init_array)
c:/ac6/systemworkbench/plugins/fr.ac6.mcu.externaltools.arm-none.win32_1.17.0.201812190825/tools/compiler/bin/../lib/gcc/arm-none-eabi/7.3.1/../../../../arm-none-eabi/lib/thumb/v7-m\libc.a(lib_a-memset.o)
                              c:/ac6/systemworkbench/plugins/fr.ac6.mcu.externaltools.arm-none.win32_1.17.0.201812190825/tools/compiler/bin/../lib/gcc/arm-none-eabi/7.3.1/../../../../arm-none-eabi/lib/thumb/v7-m/crt0.o (memset)
c:/ac6/systemworkbench/plugins/fr.ac6.mcu.externaltools.arm-none.win32_1.17.0.201812190825/tools/compiler/bin/../lib/gcc/arm-none-eabi/7.3.1/../../../../arm-none-eabi/lib/thumb/v7-m\libc.a(lib_a-strcpy.o)
                              src/main.o (strcpy)
c:/ac6/systemworkbench/plugins/fr.ac6.mcu.externaltools.arm-none.win32_1.17.0.201812190825/tools/compiler/bin/../lib/gcc/arm-none-eabi/7.3.1/../../../../arm-none-eabi/lib/thumb/v7-m\libc.a(lib_a-strlen-stub.o)
                              src/main.o (strlen)
c:/ac6/systemworkbench/plugins/fr.ac6.mcu.externaltools.arm-none.win32_1.17.0.201812190825/tools/compiler/bin/../lib/gcc/arm-none-eabi/7.3.1/../../../../arm-none-eabi/lib/thumb/v7-m\libc.a(lib_a-__call_atexit.o)
                              c:/ac6/systemworkbench/plugins/fr.ac6.mcu.externaltools.arm-none.win32_1.17.0.201812190825/tools/compiler/bin/../lib/gcc/arm-none-eabi/7.3.1/../../../../arm-none-eabi/lib/thumb/v7-m\libc.a(lib_a-exit.o) (__call_exitprocs)
c:/ac6/systemworkbench/plugins/fr.ac6.mcu.externaltools.arm-none.win32_1.17.0.201812190825/tools/compiler/bin/../lib/gcc/arm-none-eabi/7.3.1/../../../../arm-none-eabi/lib/thumb/v7-m\libc.a(lib_a-atexit.o)
                              c:/ac6/systemworkbench/plugins/fr.ac6.mcu.externaltools.arm-none.win32_1.17.0.201812190825/tools/compiler/bin/../lib/gcc/arm-none-eabi/7.3.1/../../../../arm-none-eabi/lib/thumb/v7-m\libc.a(lib_a-__call_atexit.o) (atexit)
c:/ac6/systemworkbench/plugins/fr.ac6.mcu.externaltools.arm-none.win32_1.17.0.201812190825/tools/compiler/bin/../lib/gcc/arm-none-eabi/7.3.1/../../../../arm-none-eabi/lib/thumb/v7-m\libc.a(lib_a-fini.o)
                              c:/ac6/systemworkbench/plugins/fr.ac6.mcu.externaltools.arm-none.win32_1.17.0.201812190825/tools/compiler/bin/../lib/gcc/arm-none-eabi/7.3.1/../../../../arm-none-eabi/lib/thumb/v7-m\libc.a(lib_a-__call_atexit.o) (__libc_fini_array)
c:/ac6/systemworkbench/plugins/fr.ac6.mcu.externaltools.arm-none.win32_1.17.0.201812190825/tools/compiler/bin/../lib/gcc/arm-none-eabi/7.3.1/../../../../arm-none-eabi/lib/thumb/v7-m\libc.a(lib_a-lock.o)
                              c:/ac6/systemworkbench/plugins/fr.ac6.mcu.externaltools.arm-none.win32_1.17.0.201812190825/tools/compiler/bin/../lib/gcc/arm-none-eabi/7.3.1/../../../../arm-none-eabi/lib/thumb/v7-m\libc.a(lib_a-__call_atexit.o) (__retarget_lock_acquire_recursive)
c:/ac6/systemworkbench/plugins/fr.ac6.mcu.externaltools.arm-none.win32_1.17.0.201812190825/tools/compiler/bin/../lib/gcc/arm-none-eabi/7.3.1/../../../../arm-none-eabi/lib/thumb/v7-m\libc.a(lib_a-__atexit.o)
                              c:/ac6/systemworkbench/plugins/fr.ac6.mcu.externaltools.arm-none.win32_1.17.0.201812190825/tools/compiler/bin/../lib/gcc/arm-none-eabi/7.3.1/../../../../arm-none-eabi/lib/thumb/v7-m\libc.a(lib_a-atexit.o) (__register_exitproc)

Allocating common symbols
Common symbol       size              file
[...]
Memory Configuration

Name             Origin             Length             Attributes
FLASH            0x08000000         0x00020000         xr
RAM              0x20000000         0x00005000         xrw
*default*        0x00000000         0xffffffff

Linker script and memory map

LOAD c:/ac6/systemworkbench/plugins/fr.ac6.mcu.externaltools.arm-none.win32_1.17.0.201812190825/tools/compiler/bin/../lib/gcc/arm-none-eabi/7.3.1/thumb/v7-m/crti.o
LOAD c:/ac6/systemworkbench/plugins/fr.ac6.mcu.externaltools.arm-none.win32_1.17.0.201812190825/tools/compiler/bin/../lib/gcc/arm-none-eabi/7.3.1/thumb/v7-m/crtbegin.o
LOAD c:/ac6/systemworkbench/plugins/fr.ac6.mcu.externaltools.arm-none.win32_1.17.0.201812190825/tools/compiler/bin/../lib/gcc/arm-none-eabi/7.3.1/../../../../arm-none-eabi/lib/thumb/v7-m/crt0.o
LOAD HAL_Driver/Src/stm32f1xx_hal.o
LOAD HAL_Driver/Src/stm32f1xx_hal_adc.o
LOAD HAL_Driver/Src/stm32f1xx_hal_adc_ex.o
LOAD HAL_Driver/Src/stm32f1xx_hal_cec.o
LOAD HAL_Driver/Src/stm32f1xx_hal_cortex.o
LOAD HAL_Driver/Src/stm32f1xx_hal_crc.o
LOAD HAL_Driver/Src/stm32f1xx_hal_dac.o
LOAD HAL_Driver/Src/stm32f1xx_hal_dac_ex.o
LOAD HAL_Driver/Src/stm32f1xx_hal_dma.o
LOAD HAL_Driver/Src/stm32f1xx_hal_eth.o
LOAD HAL_Driver/Src/stm32f1xx_hal_flash.o
LOAD HAL_Driver/Src/stm32f1xx_hal_flash_ex.o
LOAD HAL_Driver/Src/stm32f1xx_hal_gpio.o
LOAD HAL_Driver/Src/stm32f1xx_hal_gpio_ex.o
LOAD HAL_Driver/Src/stm32f1xx_hal_hcd.o
LOAD HAL_Driver/Src/stm32f1xx_hal_i2c.o
LOAD HAL_Driver/Src/stm32f1xx_hal_i2s.o
LOAD HAL_Driver/Src/stm32f1xx_hal_irda.o
LOAD HAL_Driver/Src/stm32f1xx_hal_iwdg.o
LOAD HAL_Driver/Src/stm32f1xx_hal_mmc.o
LOAD HAL_Driver/Src/stm32f1xx_hal_msp_template.o
LOAD HAL_Driver/Src/stm32f1xx_hal_nand.o
LOAD HAL_Driver/Src/stm32f1xx_hal_nor.o
LOAD HAL_Driver/Src/stm32f1xx_hal_pccard.o
LOAD HAL_Driver/Src/stm32f1xx_hal_pcd.o
LOAD HAL_Driver/Src/stm32f1xx_hal_pcd_ex.o
LOAD HAL_Driver/Src/stm32f1xx_hal_pwr.o
LOAD HAL_Driver/Src/stm32f1xx_hal_rcc.o
LOAD HAL_Driver/Src/stm32f1xx_hal_rcc_ex.o
LOAD HAL_Driver/Src/stm32f1xx_hal_rtc.o
LOAD HAL_Driver/Src/stm32f1xx_hal_rtc_ex.o
LOAD HAL_Driver/Src/stm32f1xx_hal_sd.o
LOAD HAL_Driver/Src/stm32f1xx_hal_smartcard.o
LOAD HAL_Driver/Src/stm32f1xx_hal_spi.o
LOAD HAL_Driver/Src/stm32f1xx_hal_spi_ex.o
LOAD HAL_Driver/Src/stm32f1xx_hal_sram.o
LOAD HAL_Driver/Src/stm32f1xx_hal_tim.o
LOAD HAL_Driver/Src/stm32f1xx_hal_tim_ex.o
LOAD HAL_Driver/Src/stm32f1xx_hal_uart.o
LOAD HAL_Driver/Src/stm32f1xx_hal_usart.o
LOAD HAL_Driver/Src/stm32f1xx_hal_wwdg.o
LOAD HAL_Driver/Src/stm32f1xx_ll_adc.o
LOAD HAL_Driver/Src/stm32f1xx_ll_crc.o
LOAD HAL_Driver/Src/stm32f1xx_ll_dac.o
LOAD HAL_Driver/Src/stm32f1xx_ll_dma.o
LOAD HAL_Driver/Src/stm32f1xx_ll_exti.o
LOAD HAL_Driver/Src/stm32f1xx_ll_fsmc.o
LOAD HAL_Driver/Src/stm32f1xx_ll_gpio.o
LOAD HAL_Driver/Src/stm32f1xx_ll_i2c.o
LOAD HAL_Driver/Src/stm32f1xx_ll_pwr.o
LOAD HAL_Driver/Src/stm32f1xx_ll_rcc.o
LOAD HAL_Driver/Src/stm32f1xx_ll_rtc.o
LOAD HAL_Driver/Src/stm32f1xx_ll_sdmmc.o
LOAD HAL_Driver/Src/stm32f1xx_ll_spi.o
LOAD HAL_Driver/Src/stm32f1xx_ll_tim.o
LOAD HAL_Driver/Src/stm32f1xx_ll_usart.o
LOAD HAL_Driver/Src/stm32f1xx_ll_usb.o
LOAD HAL_Driver/Src/stm32f1xx_ll_utils.o
LOAD Utilities/STM32F1xx_Nucleo/stm32f1xx_nucleo.o
LOAD src/main.o
LOAD src/stm32f1xx_it.o
LOAD src/syscalls.o
LOAD src/system_stm32f1xx.o
LOAD startup/startup_stm32f103xb.o
LOAD c:/ac6/systemworkbench/plugins/fr.ac6.mcu.externaltools.arm-none.win32_1.17.0.201812190825/tools/compiler/bin/../lib/gcc/arm-none-eabi/7.3.1/../../../../arm-none-eabi/lib/thumb/v7-m\libm.a
START GROUP
LOAD c:/ac6/systemworkbench/plugins/fr.ac6.mcu.externaltools.arm-none.win32_1.17.0.201812190825/tools/compiler/bin/../lib/gcc/arm-none-eabi/7.3.1/thumb/v7-m\libgcc.a
LOAD c:/ac6/systemworkbench/plugins/fr.ac6.mcu.externaltools.arm-none.win32_1.17.0.201812190825/tools/compiler/bin/../lib/gcc/arm-none-eabi/7.3.1/../../../../arm-none-eabi/lib/thumb/v7-m\libc.a
END GROUP
LOAD c:/ac6/systemworkbench/plugins/fr.ac6.mcu.externaltools.arm-none.win32_1.17.0.201812190825/tools/compiler/bin/../lib/gcc/arm-none-eabi/7.3.1/thumb/v7-m/crtend.o
LOAD c:/ac6/systemworkbench/plugins/fr.ac6.mcu.externaltools.arm-none.win32_1.17.0.201812190825/tools/compiler/bin/../lib/gcc/arm-none-eabi/7.3.1/thumb/v7-m/crtn.o
                0x20005000                _estack = 0x20005000
                0x00000200                _Min_Heap_Size = 0x200
                0x00000400                _Min_Stack_Size = 0x400

.isr_vector     0x08000000      0x10c
                0x08000000                . = ALIGN (0x4)
 *(.isr_vector)
 .isr_vector    0x08000000      0x10c startup/startup_stm32f103xb.o
                0x08000000                g_pfnVectors
                0x0800010c                . = ALIGN (0x4)

.text           0x0800010c     0x1838
                0x0800010c                . = ALIGN (0x4)
 *(.text)
 .text          0x0800010c       0x40 c:/ac6/systemworkbench/plugins/fr.ac6.mcu.externaltools.arm-none.win32_1.17.0.201812190825/tools/compiler/bin/../lib/gcc/arm-none-eabi/7.3.1/thumb/v7-m/crtbegin.o
 *(.text*)
 .text.HAL_Init
                0x0800014c       0x2c HAL_Driver/Src/stm32f1xx_hal.o
                0x0800014c                HAL_Init
 .text.HAL_InitTick
                0x08000178       0x60 HAL_Driver/Src/stm32f1xx_hal.o
                0x08000178                HAL_InitTick
 .text.HAL_IncTick
                0x080001d8       0x24 HAL_Driver/Src/stm32f1xx_hal.o
                0x080001d8                HAL_IncTick
 .text.HAL_GetTick
                0x080001fc       0x14 HAL_Driver/Src/stm32f1xx_hal.o
                0x080001fc                HAL_GetTick
 .text.NVIC_SetPriorityGrouping
                0x08000210       0x48 HAL_Driver/Src/stm32f1xx_hal_cortex.o
 .text.NVIC_GetPriorityGrouping
                0x08000258       0x1c HAL_Driver/Src/stm32f1xx_hal_cortex.o
 .text.NVIC_SetPriority
                0x08000274       0x54 HAL_Driver/Src/stm32f1xx_hal_cortex.o
 .text.NVIC_EncodePriority
                0x080002c8       0x64 HAL_Driver/Src/stm32f1xx_hal_cortex.o
 .text.SysTick_Config
                0x0800032c       0x44 HAL_Driver/Src/stm32f1xx_hal_cortex.o
 .text.HAL_NVIC_SetPriorityGrouping
                0x08000370       0x16 HAL_Driver/Src/stm32f1xx_hal_cortex.o
                0x08000370                HAL_NVIC_SetPriorityGrouping
 .text.HAL_NVIC_SetPriority
                0x08000386       0x38 HAL_Driver/Src/stm32f1xx_hal_cortex.o
                0x08000386                HAL_NVIC_SetPriority
 .text.HAL_SYSTICK_Config
                0x080003be       0x18 HAL_Driver/Src/stm32f1xx_hal_cortex.o
                0x080003be                HAL_SYSTICK_Config
 .text.HAL_SYSTICK_IRQHandler
                0x080003d6        0xc HAL_Driver/Src/stm32f1xx_hal_cortex.o
                0x080003d6                HAL_SYSTICK_IRQHandler
 .text.HAL_SYSTICK_Callback
                0x080003e2        0xc HAL_Driver/Src/stm32f1xx_hal_cortex.o
                0x080003e2                HAL_SYSTICK_Callback
 *fill*         0x080003ee        0x2 
 .text.HAL_FLASH_Program
                0x080003f0       0xe0 HAL_Driver/Src/stm32f1xx_hal_flash.o
                0x080003f0                HAL_FLASH_Program
 .text.HAL_FLASH_Unlock
                0x080004d0       0x4c HAL_Driver/Src/stm32f1xx_hal_flash.o
                0x080004d0                HAL_FLASH_Unlock
 .text.HAL_FLASH_Lock
                0x0800051c       0x20 HAL_Driver/Src/stm32f1xx_hal_flash.o
                0x0800051c                HAL_FLASH_Lock
 .text.HAL_FLASH_GetError
                0x0800053c       0x14 HAL_Driver/Src/stm32f1xx_hal_flash.o
                0x0800053c                HAL_FLASH_GetError
 .text.FLASH_Program_HalfWord
                0x08000550       0x38 HAL_Driver/Src/stm32f1xx_hal_flash.o
 .text.FLASH_WaitForLastOperation
                0x08000588       0x8c HAL_Driver/Src/stm32f1xx_hal_flash.o
                0x08000588                FLASH_WaitForLastOperation
 .text.FLASH_SetErrorCode
                0x08000614       0xa0 HAL_Driver/Src/stm32f1xx_hal_flash.o
 .text.HAL_FLASHEx_Erase
                0x080006b4       0xd8 HAL_Driver/Src/stm32f1xx_hal_flash_ex.o
                0x080006b4                HAL_FLASHEx_Erase
 .text.FLASH_MassErase
                0x0800078c       0x38 HAL_Driver/Src/stm32f1xx_hal_flash_ex.o
 .text.FLASH_PageErase
                0x080007c4       0x40 HAL_Driver/Src/stm32f1xx_hal_flash_ex.o
                0x080007c4                FLASH_PageErase
 .text.HAL_GPIO_Init
                0x08000804      0x2bc HAL_Driver/Src/stm32f1xx_hal_gpio.o
                0x08000804                HAL_GPIO_Init
 .text.HAL_MspInit
                0x08000ac0        0xc HAL_Driver/Src/stm32f1xx_hal_msp_template.o
                0x08000ac0                HAL_MspInit
 .text.HAL_RCC_GetHCLKFreq
                0x08000acc       0x14 HAL_Driver/Src/stm32f1xx_hal_rcc.o
                0x08000acc                HAL_RCC_GetHCLKFreq
 .text.HAL_RCC_GetPCLK1Freq
                0x08000ae0       0x28 HAL_Driver/Src/stm32f1xx_hal_rcc.o
                0x08000ae0                HAL_RCC_GetPCLK1Freq
 .text.HAL_RCC_GetPCLK2Freq
                0x08000b08       0x28 HAL_Driver/Src/stm32f1xx_hal_rcc.o
                0x08000b08                HAL_RCC_GetPCLK2Freq
 .text.HAL_UART_Init
                0x08000b30       0x9a HAL_Driver/Src/stm32f1xx_hal_uart.o
                0x08000b30                HAL_UART_Init
 .text.HAL_UART_MspInit
                0x08000bca       0x12 HAL_Driver/Src/stm32f1xx_hal_uart.o
                0x08000bca                HAL_UART_MspInit
 .text.HAL_UART_Transmit
                0x08000bdc      0x132 HAL_Driver/Src/stm32f1xx_hal_uart.o
                0x08000bdc                HAL_UART_Transmit
 .text.HAL_UART_Receive
                0x08000d0e      0x14c HAL_Driver/Src/stm32f1xx_hal_uart.o
                0x08000d0e                HAL_UART_Receive
 .text.UART_WaitOnFlagUntilTimeout
                0x08000e5a       0x94 HAL_Driver/Src/stm32f1xx_hal_uart.o
 *fill*         0x08000eee        0x2 
 .text.UART_SetConfig
                0x08000ef0      0x230 HAL_Driver/Src/stm32f1xx_hal_uart.o
 .text.sendChar
                0x08001120       0x24 src/main.o
                0x08001120                sendChar
 .text.sendString
                0x08001144       0x2c src/main.o
                0x08001144                sendString
 .text.getPage  0x08001170       0x54 src/main.o
 .text.flashWriteData
                0x080011c4      0x180 src/main.o
                0x080011c4                flashWriteData
 .text.flashReadData
                0x08001344       0x84 src/main.o
                0x08001344                flashReadData
 .text.main     0x080013c8      0x190 src/main.o
                0x080013c8                main
 .text.SysTick_Handler
                0x08001558       0x10 src/stm32f1xx_it.o
                0x08001558                SysTick_Handler
 .text.SystemInit
                0x08001568       0x68 src/system_stm32f1xx.o
                0x08001568                SystemInit
 .text.Reset_Handler
                0x080015d0       0x48 startup/startup_stm32f103xb.o
                0x080015d0                Reset_Handler
 .text.Default_Handler
                0x08001618        0x2 startup/startup_stm32f103xb.o
                0x08001618                RTC_Alarm_IRQHandler
                0x08001618                EXTI2_IRQHandler
                0x08001618                DebugMon_Handler
                0x08001618                TIM1_CC_IRQHandler
                0x08001618                HardFault_Handler
                0x08001618                PVD_IRQHandler
                0x08001618                PendSV_Handler
                0x08001618                NMI_Handler
                0x08001618                EXTI3_IRQHandler
                0x08001618                EXTI0_IRQHandler
                0x08001618                I2C2_EV_IRQHandler
                0x08001618                UsageFault_Handler
                0x08001618                ADC1_2_IRQHandler
                0x08001618                SPI1_IRQHandler
                0x08001618                TAMPER_IRQHandler
                0x08001618                DMA1_Channel4_IRQHandler
                0x08001618                USART3_IRQHandler
                0x08001618                RTC_IRQHandler
                0x08001618                DMA1_Channel7_IRQHandler
                0x08001618                CAN1_RX1_IRQHandler
                0x08001618                TIM4_IRQHandler
                0x08001618                I2C1_EV_IRQHandler
                0x08001618                DMA1_Channel6_IRQHandler
                0x08001618                TIM3_IRQHandler
                0x08001618                RCC_IRQHandler
                0x08001618                TIM1_TRG_COM_IRQHandler
                0x08001618                DMA1_Channel1_IRQHandler
                0x08001618                Default_Handler
                0x08001618                EXTI15_10_IRQHandler
                0x08001618                EXTI9_5_IRQHandler
                0x08001618                SPI2_IRQHandler
                0x08001618                MemManage_Handler
                0x08001618                SVC_Handler
                0x08001618                DMA1_Channel5_IRQHandler
                0x08001618                EXTI4_IRQHandler
                0x08001618                USB_LP_CAN1_RX0_IRQHandler
                0x08001618                USB_HP_CAN1_TX_IRQHandler
                0x08001618                DMA1_Channel3_IRQHandler
                0x08001618                TIM1_UP_IRQHandler
                0x08001618                WWDG_IRQHandler
                0x08001618                TIM2_IRQHandler
                0x08001618                TIM1_BRK_IRQHandler
                0x08001618                EXTI1_IRQHandler
                0x08001618                USART2_IRQHandler
                0x08001618                I2C2_ER_IRQHandler
                0x08001618                DMA1_Channel2_IRQHandler
                0x08001618                CAN1_SCE_IRQHandler
                0x08001618                FLASH_IRQHandler
                0x08001618                BusFault_Handler
                0x08001618                USART1_IRQHandler
                0x08001618                I2C1_ER_IRQHandler
                0x08001618                USBWakeUp_IRQHandler
 *fill*         0x0800161a        0x2 
 .text.__libc_init_array
                0x0800161c       0x48 c:/ac6/systemworkbench/plugins/fr.ac6.mcu.externaltools.arm-none.win32_1.17.0.201812190825/tools/compiler/bin/../lib/gcc/arm-none-eabi/7.3.1/../../../../arm-none-eabi/lib/thumb/v7-m\libc.a(lib_a-init.o)
                0x0800161c                __libc_init_array
 .text.memset   0x08001664       0x94 c:/ac6/systemworkbench/plugins/fr.ac6.mcu.externaltools.arm-none.win32_1.17.0.201812190825/tools/compiler/bin/../lib/gcc/arm-none-eabi/7.3.1/../../../../arm-none-eabi/lib/thumb/v7-m\libc.a(lib_a-memset.o)
                0x08001664                memset
 .text.strcpy   0x080016f8       0xbc c:/ac6/systemworkbench/plugins/fr.ac6.mcu.externaltools.arm-none.win32_1.17.0.201812190825/tools/compiler/bin/../lib/gcc/arm-none-eabi/7.3.1/../../../../arm-none-eabi/lib/thumb/v7-m\libc.a(lib_a-strcpy.o)
                0x080016f8                strcpy
 .text.strlen   0x080017b4       0x5c c:/ac6/systemworkbench/plugins/fr.ac6.mcu.externaltools.arm-none.win32_1.17.0.201812190825/tools/compiler/bin/../lib/gcc/arm-none-eabi/7.3.1/../../../../arm-none-eabi/lib/thumb/v7-m\libc.a(lib_a-strlen-stub.o)
                0x080017b4                strlen
 .text.startup.register_fini
                0x08001810       0x14 c:/ac6/systemworkbench/plugins/fr.ac6.mcu.externaltools.arm-none.win32_1.17.0.201812190825/tools/compiler/bin/../lib/gcc/arm-none-eabi/7.3.1/../../../../arm-none-eabi/lib/thumb/v7-m\libc.a(lib_a-__call_atexit.o)
 .text.atexit   0x08001824        0xc c:/ac6/systemworkbench/plugins/fr.ac6.mcu.externaltools.arm-none.win32_1.17.0.201812190825/tools/compiler/bin/../lib/gcc/arm-none-eabi/7.3.1/../../../../arm-none-eabi/lib/thumb/v7-m\libc.a(lib_a-atexit.o)
                0x08001824                atexit
 .text.__libc_fini_array
                0x08001830       0x34 c:/ac6/systemworkbench/plugins/fr.ac6.mcu.externaltools.arm-none.win32_1.17.0.201812190825/tools/compiler/bin/../lib/gcc/arm-none-eabi/7.3.1/../../../../arm-none-eabi/lib/thumb/v7-m\libc.a(lib_a-fini.o)
                0x08001830                __libc_fini_array
 .text.__retarget_lock_acquire_recursive
                0x08001864        0x4 c:/ac6/systemworkbench/plugins/fr.ac6.mcu.externaltools.arm-none.win32_1.17.0.201812190825/tools/compiler/bin/../lib/gcc/arm-none-eabi/7.3.1/../../../../arm-none-eabi/lib/thumb/v7-m\libc.a(lib_a-lock.o)
                0x08001864                __retarget_lock_acquire_recursive
 .text.__retarget_lock_release_recursive
                0x08001868        0x4 c:/ac6/systemworkbench/plugins/fr.ac6.mcu.externaltools.arm-none.win32_1.17.0.201812190825/tools/compiler/bin/../lib/gcc/arm-none-eabi/7.3.1/../../../../arm-none-eabi/lib/thumb/v7-m\libc.a(lib_a-lock.o)
                0x08001868                __retarget_lock_release_recursive
 .text.__register_exitproc
                0x0800186c       0xc0 c:/ac6/systemworkbench/plugins/fr.ac6.mcu.externaltools.arm-none.win32_1.17.0.201812190825/tools/compiler/bin/../lib/gcc/arm-none-eabi/7.3.1/../../../../arm-none-eabi/lib/thumb/v7-m\libc.a(lib_a-__atexit.o)
                0x0800186c                __register_exitproc
 *(.glue_7)
 .glue_7        0x0800192c        0x0 linker stubs
 *(.glue_7t)
 .glue_7t       0x0800192c        0x0 linker stubs
 *(.eh_frame)
 .eh_frame      0x0800192c        0x0 c:/ac6/systemworkbench/plugins/fr.ac6.mcu.externaltools.arm-none.win32_1.17.0.201812190825/tools/compiler/bin/../lib/gcc/arm-none-eabi/7.3.1/thumb/v7-m/crtbegin.o
 *(.init)
 .init          0x0800192c        0x4 c:/ac6/systemworkbench/plugins/fr.ac6.mcu.externaltools.arm-none.win32_1.17.0.201812190825/tools/compiler/bin/../lib/gcc/arm-none-eabi/7.3.1/thumb/v7-m/crti.o
                0x0800192c                _init
 .init          0x08001930        0x8 c:/ac6/systemworkbench/plugins/fr.ac6.mcu.externaltools.arm-none.win32_1.17.0.201812190825/tools/compiler/bin/../lib/gcc/arm-none-eabi/7.3.1/thumb/v7-m/crtn.o
 *(.fini)
 .fini          0x08001938        0x4 c:/ac6/systemworkbench/plugins/fr.ac6.mcu.externaltools.arm-none.win32_1.17.0.201812190825/tools/compiler/bin/../lib/gcc/arm-none-eabi/7.3.1/thumb/v7-m/crti.o
                0x08001938                _fini
 .fini          0x0800193c        0x8 c:/ac6/systemworkbench/plugins/fr.ac6.mcu.externaltools.arm-none.win32_1.17.0.201812190825/tools/compiler/bin/../lib/gcc/arm-none-eabi/7.3.1/thumb/v7-m/crtn.o
                0x08001944                . = ALIGN (0x4)
                0x08001944                _etext = .

.vfp11_veneer   0x08001944        0x0
 .vfp11_veneer  0x08001944        0x0 linker stubs

.v4_bx          0x08001944        0x0
 .v4_bx         0x08001944        0x0 linker stubs

.iplt           0x08001944        0x0
 .iplt          0x08001944        0x0 c:/ac6/systemworkbench/plugins/fr.ac6.mcu.externaltools.arm-none.win32_1.17.0.201812190825/tools/compiler/bin/../lib/gcc/arm-none-eabi/7.3.1/thumb/v7-m/crtbegin.o

.rodata         0x08001944       0x34
                0x08001944                . = ALIGN (0x4)
 *(.rodata)
 .rodata        0x08001944       0x17 src/main.o
 *fill*         0x0800195b        0x1 
 .rodata        0x0800195c       0x18 src/system_stm32f1xx.o
                0x0800195c                AHBPrescTable
                0x0800196c                APBPrescTable
 *(.rodata*)
 .rodata._global_impure_ptr
                0x08001974        0x4 c:/ac6/systemworkbench/plugins/fr.ac6.mcu.externaltools.arm-none.win32_1.17.0.201812190825/tools/compiler/bin/../lib/gcc/arm-none-eabi/7.3.1/../../../../arm-none-eabi/lib/thumb/v7-m\libc.a(lib_a-impure.o)
                0x08001974                _global_impure_ptr
                0x08001978                . = ALIGN (0x4)

.rel.dyn        0x08001978        0x0
 .rel.iplt      0x08001978        0x0 c:/ac6/systemworkbench/plugins/fr.ac6.mcu.externaltools.arm-none.win32_1.17.0.201812190825/tools/compiler/bin/../lib/gcc/arm-none-eabi/7.3.1/thumb/v7-m/crtbegin.o

.ARM.extab
 *(.ARM.extab* .gnu.linkonce.armextab.*)

.ARM            0x08001978        0x0
                0x08001978                __exidx_start = .
 *(.ARM.exidx*)
                0x08001978                __exidx_end = .

.preinit_array  0x08001978        0x0
                0x08001978                PROVIDE (__preinit_array_start = .)
 *(.preinit_array*)
                0x08001978                PROVIDE (__preinit_array_end = .)

.init_array     0x08001978        0x8
                0x08001978                PROVIDE (__init_array_start = .)
 *(SORT_BY_NAME(.init_array.*))
 .init_array.00000
                0x08001978        0x4 c:/ac6/systemworkbench/plugins/fr.ac6.mcu.externaltools.arm-none.win32_1.17.0.201812190825/tools/compiler/bin/../lib/gcc/arm-none-eabi/7.3.1/../../../../arm-none-eabi/lib/thumb/v7-m\libc.a(lib_a-__call_atexit.o)
 *(.init_array*)
 .init_array    0x0800197c        0x4 c:/ac6/systemworkbench/plugins/fr.ac6.mcu.externaltools.arm-none.win32_1.17.0.201812190825/tools/compiler/bin/../lib/gcc/arm-none-eabi/7.3.1/thumb/v7-m/crtbegin.o
                0x08001980                PROVIDE (__init_array_end = .)

.fini_array     0x08001980        0x4
                0x08001980                PROVIDE (__fini_array_start = .)
 *(SORT_BY_NAME(.fini_array.*))
 *(.fini_array*)
 .fini_array    0x08001980        0x4 c:/ac6/systemworkbench/plugins/fr.ac6.mcu.externaltools.arm-none.win32_1.17.0.201812190825/tools/compiler/bin/../lib/gcc/arm-none-eabi/7.3.1/thumb/v7-m/crtbegin.o
                0x08001984                PROVIDE (__fini_array_end = .)
                0x08001984                _sidata = LOADADDR (.data)

.data           0x20000000      0x43c load address 0x08001984
                0x20000000                . = ALIGN (0x4)
                0x20000000                _sdata = .
 *(.data)
 .data          0x20000000        0x5 HAL_Driver/Src/stm32f1xx_hal.o
                0x20000000                uwTickPrio
                0x20000004                uwTickFreq
 *fill*         0x20000005        0x3 
 .data          0x20000008        0x4 src/main.o
                0x20000008                StartPageAddress
 .data          0x2000000c        0x4 src/system_stm32f1xx.o
                0x2000000c                SystemCoreClock
 *(.data*)
 .data.impure_data
                0x20000010      0x428 c:/ac6/systemworkbench/plugins/fr.ac6.mcu.externaltools.arm-none.win32_1.17.0.201812190825/tools/compiler/bin/../lib/gcc/arm-none-eabi/7.3.1/../../../../arm-none-eabi/lib/thumb/v7-m\libc.a(lib_a-impure.o)
 .data.__atexit_recursive_mutex
                0x20000438        0x4 c:/ac6/systemworkbench/plugins/fr.ac6.mcu.externaltools.arm-none.win32_1.17.0.201812190825/tools/compiler/bin/../lib/gcc/arm-none-eabi/7.3.1/../../../../arm-none-eabi/lib/thumb/v7-m\libc.a(lib_a-__call_atexit.o)
                0x20000438                __atexit_recursive_mutex
                0x2000043c                . = ALIGN (0x4)
                0x2000043c                _edata = .

.igot.plt       0x2000043c        0x0 load address 0x08001dc0
 .igot.plt      0x2000043c        0x0 c:/ac6/systemworkbench/plugins/fr.ac6.mcu.externaltools.arm-none.win32_1.17.0.201812190825/tools/compiler/bin/../lib/gcc/arm-none-eabi/7.3.1/thumb/v7-m/crtbegin.o
                0x2000043c                . = ALIGN (0x4)

.bss            0x20000440      0x1e8 load address 0x08001dc0
                0x20000440                _sbss = .
                0x20000440                __bss_start__ = _sbss
 *(.bss)
 .bss           0x20000440       0x1c c:/ac6/systemworkbench/plugins/fr.ac6.mcu.externaltools.arm-none.win32_1.17.0.201812190825/tools/compiler/bin/../lib/gcc/arm-none-eabi/7.3.1/thumb/v7-m/crtbegin.o
 .bss           0x2000045c       0x14 src/main.o
                0x2000045c                i
 *(.bss*)
 *(COMMON)
 COMMON         0x20000470        0x4 HAL_Driver/Src/stm32f1xx_hal.o
                0x20000470                uwTick
 *fill*         0x20000474        0x4 
 COMMON         0x20000478       0x20 HAL_Driver/Src/stm32f1xx_hal_flash.o
                0x20000478                pFlash
 COMMON         0x20000498      0x16c src/main.o
                0x20000498                new_data
                0x200004fc                write_data
                0x20000560                read_data
                0x200005c4                uart
 COMMON         0x20000604       0x21 c:/ac6/systemworkbench/plugins/fr.ac6.mcu.externaltools.arm-none.win32_1.17.0.201812190825/tools/compiler/bin/../lib/gcc/arm-none-eabi/7.3.1/../../../../arm-none-eabi/lib/thumb/v7-m\libc.a(lib_a-lock.o)
                0x20000604                __lock___atexit_recursive_mutex
                0x20000608                __lock___arc4random_mutex
                0x2000060c                __lock___env_recursive_mutex
                0x20000610                __lock___sinit_recursive_mutex
                0x20000614                __lock___malloc_recursive_mutex
                0x20000618                __lock___at_quick_exit_mutex
                0x2000061c                __lock___dd_hash_mutex
                0x20000620                __lock___tz_mutex
                0x20000624                __lock___sfp_recursive_mutex
                0x20000628                . = ALIGN (0x4)
 *fill*         0x20000625        0x3 
                0x20000628                _ebss = .
                0x20000628                __bss_end__ = _ebss

._user_heap_stack
                0x20000628      0x600 load address 0x08001dc0
                0x20000628                . = ALIGN (0x8)
                0x20000628                PROVIDE (end = .)
                [!provide]                PROVIDE (_end = .)
                0x20000828                . = (. + _Min_Heap_Size)
 *fill*         0x20000628      0x200 
                0x20000c28                . = (. + _Min_Stack_Size)
 *fill*         0x20000828      0x400 
                0x20000c28                . = ALIGN (0x8)

/DISCARD/
 libc.a(*)
 libm.a(*)
 libgcc.a(*)

.ARM.attributes
                0x00000000       0x29
 *(.ARM.attributes)
 .ARM.attributes
                0x00000000       0x1d c:/ac6/systemworkbench/plugins/fr.ac6.mcu.externaltools.arm-none.win32_1.17.0.201812190825/tools/compiler/bin/../lib/gcc/arm-none-eabi/7.3.1/thumb/v7-m/crti.o
 .ARM.attributes
                0x0000001d       0x2d c:/ac6/systemworkbench/plugins/fr.ac6.mcu.externaltools.arm-none.win32_1.17.0.201812190825/tools/compiler/bin/../lib/gcc/arm-none-eabi/7.3.1/thumb/v7-m/crtbegin.o
 .ARM.attributes
                0x0000004a       0x33 HAL_Driver/Src/stm32f1xx_hal.o
 .ARM.attributes
                0x0000007d       0x33 HAL_Driver/Src/stm32f1xx_hal_cortex.o
 .ARM.attributes
                0x000000b0       0x33 HAL_Driver/Src/stm32f1xx_hal_flash.o
 .ARM.attributes
                0x000000e3       0x33 HAL_Driver/Src/stm32f1xx_hal_flash_ex.o
 .ARM.attributes
                0x00000116       0x33 HAL_Driver/Src/stm32f1xx_hal_gpio.o
 .ARM.attributes
                0x00000149       0x33 HAL_Driver/Src/stm32f1xx_hal_msp_template.o
 .ARM.attributes
                0x0000017c       0x33 HAL_Driver/Src/stm32f1xx_hal_rcc.o
 .ARM.attributes
                0x000001af       0x33 HAL_Driver/Src/stm32f1xx_hal_uart.o
 .ARM.attributes
                0x000001e2       0x33 src/main.o
 .ARM.attributes
                0x00000215       0x33 src/stm32f1xx_it.o
 .ARM.attributes
                0x00000248       0x33 src/system_stm32f1xx.o
 .ARM.attributes
                0x0000027b       0x21 startup/startup_stm32f103xb.o
 .ARM.attributes
                0x0000029c       0x2d c:/ac6/systemworkbench/plugins/fr.ac6.mcu.externaltools.arm-none.win32_1.17.0.201812190825/tools/compiler/bin/../lib/gcc/arm-none-eabi/7.3.1/../../../../arm-none-eabi/lib/thumb/v7-m\libc.a(lib_a-impure.o)
 .ARM.attributes
                0x000002c9       0x2d c:/ac6/systemworkbench/plugins/fr.ac6.mcu.externaltools.arm-none.win32_1.17.0.201812190825/tools/compiler/bin/../lib/gcc/arm-none-eabi/7.3.1/../../../../arm-none-eabi/lib/thumb/v7-m\libc.a(lib_a-init.o)
 .ARM.attributes
                0x000002f6       0x2d c:/ac6/systemworkbench/plugins/fr.ac6.mcu.externaltools.arm-none.win32_1.17.0.201812190825/tools/compiler/bin/../lib/gcc/arm-none-eabi/7.3.1/../../../../arm-none-eabi/lib/thumb/v7-m\libc.a(lib_a-memset.o)
 .ARM.attributes
                0x00000323       0x2d c:/ac6/systemworkbench/plugins/fr.ac6.mcu.externaltools.arm-none.win32_1.17.0.201812190825/tools/compiler/bin/../lib/gcc/arm-none-eabi/7.3.1/../../../../arm-none-eabi/lib/thumb/v7-m\libc.a(lib_a-strcpy.o)
 .ARM.attributes
                0x00000350       0x2d c:/ac6/systemworkbench/plugins/fr.ac6.mcu.externaltools.arm-none.win32_1.17.0.201812190825/tools/compiler/bin/../lib/gcc/arm-none-eabi/7.3.1/../../../../arm-none-eabi/lib/thumb/v7-m\libc.a(lib_a-strlen-stub.o)
 .ARM.attributes
                0x0000037d       0x2d c:/ac6/systemworkbench/plugins/fr.ac6.mcu.externaltools.arm-none.win32_1.17.0.201812190825/tools/compiler/bin/../lib/gcc/arm-none-eabi/7.3.1/../../../../arm-none-eabi/lib/thumb/v7-m\libc.a(lib_a-__call_atexit.o)
 .ARM.attributes
                0x000003aa       0x2d c:/ac6/systemworkbench/plugins/fr.ac6.mcu.externaltools.arm-none.win32_1.17.0.201812190825/tools/compiler/bin/../lib/gcc/arm-none-eabi/7.3.1/../../../../arm-none-eabi/lib/thumb/v7-m\libc.a(lib_a-atexit.o)
 .ARM.attributes
                0x000003d7       0x2d c:/ac6/systemworkbench/plugins/fr.ac6.mcu.externaltools.arm-none.win32_1.17.0.201812190825/tools/compiler/bin/../lib/gcc/arm-none-eabi/7.3.1/../../../../arm-none-eabi/lib/thumb/v7-m\libc.a(lib_a-fini.o)
 .ARM.attributes
                0x00000404       0x2d c:/ac6/systemworkbench/plugins/fr.ac6.mcu.externaltools.arm-none.win32_1.17.0.201812190825/tools/compiler/bin/../lib/gcc/arm-none-eabi/7.3.1/../../../../arm-none-eabi/lib/thumb/v7-m\libc.a(lib_a-lock.o)
 .ARM.attributes
                0x00000431       0x2d c:/ac6/systemworkbench/plugins/fr.ac6.mcu.externaltools.arm-none.win32_1.17.0.201812190825/tools/compiler/bin/../lib/gcc/arm-none-eabi/7.3.1/../../../../arm-none-eabi/lib/thumb/v7-m\libc.a(lib_a-__atexit.o)
 .ARM.attributes
                0x0000045e       0x1d c:/ac6/systemworkbench/plugins/fr.ac6.mcu.externaltools.arm-none.win32_1.17.0.201812190825/tools/compiler/bin/../lib/gcc/arm-none-eabi/7.3.1/thumb/v7-m/crtn.o
OUTPUT(STM32F1_flash_memory.elf elf32-littlearm)

.debug_info     0x00000000     0xab20
 .debug_info    0x00000000      0xf0a HAL_Driver/Src/stm32f1xx_hal.o
 .debug_info    0x00000f0a     0x1358 HAL_Driver/Src/stm32f1xx_hal_cortex.o
 .debug_info    0x00002262      0xdbb HAL_Driver/Src/stm32f1xx_hal_flash.o
 .debug_info    0x0000301d     0x103e HAL_Driver/Src/stm32f1xx_hal_flash_ex.o
 .debug_info    0x0000405b      0xebd HAL_Driver/Src/stm32f1xx_hal_gpio.o
 .debug_info    0x00004f18      0x9c7 HAL_Driver/Src/stm32f1xx_hal_msp_template.o
 .debug_info    0x000058df     0x1039 HAL_Driver/Src/stm32f1xx_hal_rcc.o
 .debug_info    0x00006918     0x19f0 HAL_Driver/Src/stm32f1xx_hal_uart.o
 .debug_info    0x00008308     0x1209 src/main.o
 .debug_info    0x00009511      0x994 src/stm32f1xx_it.o
 .debug_info    0x00009ea5      0xc59 src/system_stm32f1xx.o
 .debug_info    0x0000aafe       0x22 startup/startup_stm32f103xb.o

.debug_abbrev   0x00000000     0x1d7d
 .debug_abbrev  0x00000000      0x2f5 HAL_Driver/Src/stm32f1xx_hal.o
 .debug_abbrev  0x000002f5      0x396 HAL_Driver/Src/stm32f1xx_hal_cortex.o
 .debug_abbrev  0x0000068b      0x2e8 HAL_Driver/Src/stm32f1xx_hal_flash.o
 .debug_abbrev  0x00000973      0x2ea HAL_Driver/Src/stm32f1xx_hal_flash_ex.o
 .debug_abbrev  0x00000c5d      0x289 HAL_Driver/Src/stm32f1xx_hal_gpio.o
 .debug_abbrev  0x00000ee6      0x1cb HAL_Driver/Src/stm32f1xx_hal_msp_template.o
 .debug_abbrev  0x000010b1      0x323 HAL_Driver/Src/stm32f1xx_hal_rcc.o
 .debug_abbrev  0x000013d4      0x2eb HAL_Driver/Src/stm32f1xx_hal_uart.o
 .debug_abbrev  0x000016bf      0x2b9 src/main.o
 .debug_abbrev  0x00001978      0x1cb src/stm32f1xx_it.o
 .debug_abbrev  0x00001b43      0x228 src/system_stm32f1xx.o
 .debug_abbrev  0x00001d6b       0x12 startup/startup_stm32f103xb.o

.debug_aranges  0x00000000      0x698
 .debug_aranges
                0x00000000       0xd0 HAL_Driver/Src/stm32f1xx_hal.o
 .debug_aranges
                0x000000d0      0x100 HAL_Driver/Src/stm32f1xx_hal_cortex.o
 .debug_aranges
                0x000001d0       0x88 HAL_Driver/Src/stm32f1xx_hal_flash.o
 .debug_aranges
                0x00000258       0x98 HAL_Driver/Src/stm32f1xx_hal_flash_ex.o
 .debug_aranges
                0x000002f0       0x58 HAL_Driver/Src/stm32f1xx_hal_gpio.o
 .debug_aranges
                0x00000348       0x38 HAL_Driver/Src/stm32f1xx_hal_msp_template.o
 .debug_aranges
                0x00000380       0x90 HAL_Driver/Src/stm32f1xx_hal_rcc.o
 .debug_aranges
                0x00000410      0x1d0 HAL_Driver/Src/stm32f1xx_hal_uart.o
 .debug_aranges
                0x000005e0       0x48 src/main.o
 .debug_aranges
                0x00000628       0x20 src/stm32f1xx_it.o
 .debug_aranges
                0x00000648       0x28 src/system_stm32f1xx.o
 .debug_aranges
                0x00000670       0x28 startup/startup_stm32f103xb.o

.debug_ranges   0x00000000      0x5e0
 .debug_ranges  0x00000000       0xc0 HAL_Driver/Src/stm32f1xx_hal.o
 .debug_ranges  0x000000c0       0xf0 HAL_Driver/Src/stm32f1xx_hal_cortex.o
 .debug_ranges  0x000001b0       0x78 HAL_Driver/Src/stm32f1xx_hal_flash.o
 .debug_ranges  0x00000228       0x88 HAL_Driver/Src/stm32f1xx_hal_flash_ex.o
 .debug_ranges  0x000002b0       0x48 HAL_Driver/Src/stm32f1xx_hal_gpio.o
 .debug_ranges  0x000002f8       0x28 HAL_Driver/Src/stm32f1xx_hal_msp_template.o
 .debug_ranges  0x00000320       0x80 HAL_Driver/Src/stm32f1xx_hal_rcc.o
 .debug_ranges  0x000003a0      0x1c0 HAL_Driver/Src/stm32f1xx_hal_uart.o
 .debug_ranges  0x00000560       0x38 src/main.o
 .debug_ranges  0x00000598       0x10 src/stm32f1xx_it.o
 .debug_ranges  0x000005a8       0x18 src/system_stm32f1xx.o
 .debug_ranges  0x000005c0       0x20 startup/startup_stm32f103xb.o

.debug_macro    0x00000000    0x17d98
 .debug_macro   0x00000000      0x426 HAL_Driver/Src/stm32f1xx_hal.o
 .debug_macro   0x00000426      0xa72 HAL_Driver/Src/stm32f1xx_hal.o
 .debug_macro   0x00000e98      0x224 HAL_Driver/Src/stm32f1xx_hal.o
 .debug_macro   0x000010bc       0x28 HAL_Driver/Src/stm32f1xx_hal.o
 .debug_macro   0x000010e4       0x22 HAL_Driver/Src/stm32f1xx_hal.o
 .debug_macro   0x00001106       0x22 HAL_Driver/Src/stm32f1xx_hal.o
 .debug_macro   0x00001128       0x8e HAL_Driver/Src/stm32f1xx_hal.o
 .debug_macro   0x000011b6       0x51 HAL_Driver/Src/stm32f1xx_hal.o
 .debug_macro   0x00001207       0xef HAL_Driver/Src/stm32f1xx_hal.o
 .debug_macro   0x000012f6       0x6a HAL_Driver/Src/stm32f1xx_hal.o
 .debug_macro   0x00001360      0x1df HAL_Driver/Src/stm32f1xx_hal.o
 .debug_macro   0x0000153f       0x34 HAL_Driver/Src/stm32f1xx_hal.o
 .debug_macro   0x00001573       0x34 HAL_Driver/Src/stm32f1xx_hal.o
 .debug_macro   0x000015a7      0xb8e HAL_Driver/Src/stm32f1xx_hal.o
 .debug_macro   0x00002135     0xe911 HAL_Driver/Src/stm32f1xx_hal.o
 .debug_macro   0x00010a46       0x43 HAL_Driver/Src/stm32f1xx_hal.o
 .debug_macro   0x00010a89       0x5e HAL_Driver/Src/stm32f1xx_hal.o
 .debug_macro   0x00010ae7       0x18 HAL_Driver/Src/stm32f1xx_hal.o
 .debug_macro   0x00010aff       0x35 HAL_Driver/Src/stm32f1xx_hal.o
 .debug_macro   0x00010b34       0x34 HAL_Driver/Src/stm32f1xx_hal.o
 .debug_macro   0x00010b68       0x16 HAL_Driver/Src/stm32f1xx_hal.o
 .debug_macro   0x00010b7e       0x97 HAL_Driver/Src/stm32f1xx_hal.o
 .debug_macro   0x00010c15      0x330 HAL_Driver/Src/stm32f1xx_hal.o
 .debug_macro   0x00010f45       0xfd HAL_Driver/Src/stm32f1xx_hal.o
 .debug_macro   0x00011042       0x10 HAL_Driver/Src/stm32f1xx_hal.o
 .debug_macro   0x00011052       0x58 HAL_Driver/Src/stm32f1xx_hal.o
 .debug_macro   0x000110aa       0x1f HAL_Driver/Src/stm32f1xx_hal.o
 .debug_macro   0x000110c9       0x43 HAL_Driver/Src/stm32f1xx_hal.o
 .debug_macro   0x0001110c       0x20 HAL_Driver/Src/stm32f1xx_hal.o
 .debug_macro   0x0001112c      0x18e HAL_Driver/Src/stm32f1xx_hal.o
 .debug_macro   0x000112ba       0x10 HAL_Driver/Src/stm32f1xx_hal.o
 .debug_macro   0x000112ca       0x1c HAL_Driver/Src/stm32f1xx_hal.o
 .debug_macro   0x000112e6       0x52 HAL_Driver/Src/stm32f1xx_hal.o
 .debug_macro   0x00011338       0x40 HAL_Driver/Src/stm32f1xx_hal.o
 .debug_macro   0x00011378       0x10 HAL_Driver/Src/stm32f1xx_hal.o
 .debug_macro   0x00011388       0x40 HAL_Driver/Src/stm32f1xx_hal.o
 .debug_macro   0x000113c8       0xd7 HAL_Driver/Src/stm32f1xx_hal.o
 .debug_macro   0x0001149f       0x1c HAL_Driver/Src/stm32f1xx_hal.o
 .debug_macro   0x000114bb       0x3d HAL_Driver/Src/stm32f1xx_hal.o
 .debug_macro   0x000114f8       0x16 HAL_Driver/Src/stm32f1xx_hal.o
 .debug_macro   0x0001150e      0x16f HAL_Driver/Src/stm32f1xx_hal.o
 .debug_macro   0x0001167d       0x57 HAL_Driver/Src/stm32f1xx_hal.o
 .debug_macro   0x000116d4      0x5c2 HAL_Driver/Src/stm32f1xx_hal.o
 .debug_macro   0x00011c96      0x28a HAL_Driver/Src/stm32f1xx_hal.o
 .debug_macro   0x00011f20      0x1cb HAL_Driver/Src/stm32f1xx_hal.o
 .debug_macro   0x000120eb      0x11e HAL_Driver/Src/stm32f1xx_hal.o
 .debug_macro   0x00012209      0x1b3 HAL_Driver/Src/stm32f1xx_hal.o
 .debug_macro   0x000123bc       0x27 HAL_Driver/Src/stm32f1xx_hal.o
 .debug_macro   0x000123e3      0x1bc HAL_Driver/Src/stm32f1xx_hal.o
 .debug_macro   0x0001259f       0x34 HAL_Driver/Src/stm32f1xx_hal.o
 .debug_macro   0x000125d3       0x3c HAL_Driver/Src/stm32f1xx_hal.o
 .debug_macro   0x0001260f      0x408 HAL_Driver/Src/stm32f1xx_hal.o
 .debug_macro   0x00012a17       0x57 HAL_Driver/Src/stm32f1xx_hal.o
 .debug_macro   0x00012a6e      0x46a HAL_Driver/Src/stm32f1xx_hal.o
 .debug_macro   0x00012ed8      0x1b5 HAL_Driver/Src/stm32f1xx_hal.o
 .debug_macro   0x0001308d       0x22 HAL_Driver/Src/stm32f1xx_hal.o
 .debug_macro   0x000130af       0x8c HAL_Driver/Src/stm32f1xx_hal.o
 .debug_macro   0x0001313b      0x242 HAL_Driver/Src/stm32f1xx_hal.o
 .debug_macro   0x0001337d      0x264 HAL_Driver/Src/stm32f1xx_hal.o
 .debug_macro   0x000135e1       0x79 HAL_Driver/Src/stm32f1xx_hal.o
 .debug_macro   0x0001365a      0x143 HAL_Driver/Src/stm32f1xx_hal.o
 .debug_macro   0x0001379d      0x1ef HAL_Driver/Src/stm32f1xx_hal.o
 .debug_macro   0x0001398c       0xf2 HAL_Driver/Src/stm32f1xx_hal.o
 .debug_macro   0x00013a7e      0x1f4 HAL_Driver/Src/stm32f1xx_hal.o
 .debug_macro   0x00013c72      0x853 HAL_Driver/Src/stm32f1xx_hal.o
 .debug_macro   0x000144c5       0x1f HAL_Driver/Src/stm32f1xx_hal.o
 .debug_macro   0x000144e4      0x26b HAL_Driver/Src/stm32f1xx_hal.o
 .debug_macro   0x0001474f      0x217 HAL_Driver/Src/stm32f1xx_hal.o
 .debug_macro   0x00014966      0x1a7 HAL_Driver/Src/stm32f1xx_hal.o
 .debug_macro   0x00014b0d      0x2cd HAL_Driver/Src/stm32f1xx_hal.o
 .debug_macro   0x00014dda       0x89 HAL_Driver/Src/stm32f1xx_hal.o
 .debug_macro   0x00014e63       0x50 HAL_Driver/Src/stm32f1xx_hal.o
 .debug_macro   0x00014eb3      0x26c HAL_Driver/Src/stm32f1xx_hal.o
 .debug_macro   0x0001511f       0x83 HAL_Driver/Src/stm32f1xx_hal.o
 .debug_macro   0x000151a2      0x402 HAL_Driver/Src/stm32f1xx_hal_cortex.o
 .debug_macro   0x000155a4      0x402 HAL_Driver/Src/stm32f1xx_hal_flash.o
 .debug_macro   0x000159a6      0x414 HAL_Driver/Src/stm32f1xx_hal_flash_ex.o
 .debug_macro   0x00015dba      0x472 HAL_Driver/Src/stm32f1xx_hal_gpio.o
 .debug_macro   0x0001622c      0x402 HAL_Driver/Src/stm32f1xx_hal_msp_template.o
 .debug_macro   0x0001662e      0x414 HAL_Driver/Src/stm32f1xx_hal_rcc.o
 .debug_macro   0x00016a42      0x403 HAL_Driver/Src/stm32f1xx_hal_uart.o
 .debug_macro   0x00016e45      0x427 src/main.o
 .debug_macro   0x0001726c       0x58 src/main.o
 .debug_macro   0x000172c4       0x94 src/main.o
 .debug_macro   0x00017358      0x174 src/main.o
 .debug_macro   0x000174cc       0x57 src/main.o
 .debug_macro   0x00017523       0x10 src/main.o
 .debug_macro   0x00017533       0x35 src/main.o
 .debug_macro   0x00017568       0x1c src/main.o
 .debug_macro   0x00017584      0x40c src/stm32f1xx_it.o
 .debug_macro   0x00017990      0x408 src/system_stm32f1xx.o

.debug_line     0x00000000     0x7ccc
 .debug_line    0x00000000      0xadb HAL_Driver/Src/stm32f1xx_hal.o
 .debug_line    0x00000adb      0xbc9 HAL_Driver/Src/stm32f1xx_hal_cortex.o
 .debug_line    0x000016a4      0xb1b HAL_Driver/Src/stm32f1xx_hal_flash.o
 .debug_line    0x000021bf      0xb6a HAL_Driver/Src/stm32f1xx_hal_flash_ex.o
 .debug_line    0x00002d29      0xb13 HAL_Driver/Src/stm32f1xx_hal_gpio.o
 .debug_line    0x0000383c      0x96d HAL_Driver/Src/stm32f1xx_hal_msp_template.o
 .debug_line    0x000041a9      0xbc5 HAL_Driver/Src/stm32f1xx_hal_rcc.o
 .debug_line    0x00004d6e     0x11ec HAL_Driver/Src/stm32f1xx_hal_uart.o
 .debug_line    0x00005f5a      0xa2c src/main.o
 .debug_line    0x00006986      0x966 src/stm32f1xx_it.o
 .debug_line    0x000072ec      0x963 src/system_stm32f1xx.o
 .debug_line    0x00007c4f       0x7d startup/startup_stm32f103xb.o

.debug_str      0x00000000    0x82b01
 .debug_str     0x00000000    0x810a5 HAL_Driver/Src/stm32f1xx_hal.o
                              0x81426 (size before relaxing)
 .debug_str     0x000810a5      0x314 HAL_Driver/Src/stm32f1xx_hal_cortex.o
                              0x8143a (size before relaxing)
 .debug_str     0x000813b9      0x2a7 HAL_Driver/Src/stm32f1xx_hal_flash.o
                              0x8108d (size before relaxing)
 .debug_str     0x00081660      0x353 HAL_Driver/Src/stm32f1xx_hal_flash_ex.o
                              0x81251 (size before relaxing)
 .debug_str     0x000819b3      0x393 HAL_Driver/Src/stm32f1xx_hal_gpio.o
                              0x81181 (size before relaxing)
 .debug_str     0x00081d46       0x51 HAL_Driver/Src/stm32f1xx_hal_msp_template.o
                              0x80d9d (size before relaxing)
 .debug_str     0x00081d97      0x356 HAL_Driver/Src/stm32f1xx_hal_rcc.o
                              0x811af (size before relaxing)
 .debug_str     0x000820ed      0x84a HAL_Driver/Src/stm32f1xx_hal_uart.o
                              0x81689 (size before relaxing)
 .debug_str     0x00082937      0x102 src/main.o
                              0x812bd (size before relaxing)
 .debug_str     0x00082a39       0x38 src/stm32f1xx_it.o
                              0x80d6a (size before relaxing)
 .debug_str     0x00082a71       0x61 src/system_stm32f1xx.o
                              0x80e36 (size before relaxing)
 .debug_str     0x00082ad2       0x2f startup/startup_stm32f103xb.o
                                 0x63 (size before relaxing)

.comment        0x00000000       0x7f
 .comment       0x00000000       0x7f HAL_Driver/Src/stm32f1xx_hal.o
                                 0x80 (size before relaxing)
 .comment       0x0000007f       0x80 HAL_Driver/Src/stm32f1xx_hal_cortex.o
 .comment       0x0000007f       0x80 HAL_Driver/Src/stm32f1xx_hal_flash.o
 .comment       0x0000007f       0x80 HAL_Driver/Src/stm32f1xx_hal_flash_ex.o
 .comment       0x0000007f       0x80 HAL_Driver/Src/stm32f1xx_hal_gpio.o
 .comment       0x0000007f       0x80 HAL_Driver/Src/stm32f1xx_hal_msp_template.o
 .comment       0x0000007f       0x80 HAL_Driver/Src/stm32f1xx_hal_rcc.o
 .comment       0x0000007f       0x80 HAL_Driver/Src/stm32f1xx_hal_uart.o
 .comment       0x0000007f       0x80 src/main.o
 .comment       0x0000007f       0x80 src/stm32f1xx_it.o
 .comment       0x0000007f       0x80 src/system_stm32f1xx.o

.debug_frame    0x00000000     0x1b70
 .debug_frame   0x00000000      0x2fc HAL_Driver/Src/stm32f1xx_hal.o
 .debug_frame   0x000002fc      0x428 HAL_Driver/Src/stm32f1xx_hal_cortex.o
 .debug_frame   0x00000724      0x214 HAL_Driver/Src/stm32f1xx_hal_flash.o
 .debug_frame   0x00000938      0x258 HAL_Driver/Src/stm32f1xx_hal_flash_ex.o
 .debug_frame   0x00000b90      0x14c HAL_Driver/Src/stm32f1xx_hal_gpio.o
 .debug_frame   0x00000cdc       0x90 HAL_Driver/Src/stm32f1xx_hal_msp_template.o
 .debug_frame   0x00000d6c      0x21c HAL_Driver/Src/stm32f1xx_hal_rcc.o
 .debug_frame   0x00000f88      0x83c HAL_Driver/Src/stm32f1xx_hal_uart.o
 .debug_frame   0x000017c4       0xf0 src/main.o
 .debug_frame   0x000018b4       0x2c src/stm32f1xx_it.o
 .debug_frame   0x000018e0       0x58 src/system_stm32f1xx.o
 .debug_frame   0x00001938       0x2c c:/ac6/systemworkbench/plugins/fr.ac6.mcu.externaltools.arm-none.win32_1.17.0.201812190825/tools/compiler/bin/../lib/gcc/arm-none-eabi/7.3.1/../../../../arm-none-eabi/lib/thumb/v7-m\libc.a(lib_a-init.o)
 .debug_frame   0x00001964       0x38 c:/ac6/systemworkbench/plugins/fr.ac6.mcu.externaltools.arm-none.win32_1.17.0.201812190825/tools/compiler/bin/../lib/gcc/arm-none-eabi/7.3.1/../../../../arm-none-eabi/lib/thumb/v7-m\libc.a(lib_a-memset.o)
 .debug_frame   0x0000199c       0x20 c:/ac6/systemworkbench/plugins/fr.ac6.mcu.externaltools.arm-none.win32_1.17.0.201812190825/tools/compiler/bin/../lib/gcc/arm-none-eabi/7.3.1/../../../../arm-none-eabi/lib/thumb/v7-m\libc.a(lib_a-strcpy.o)
 .debug_frame   0x000019bc       0x20 c:/ac6/systemworkbench/plugins/fr.ac6.mcu.externaltools.arm-none.win32_1.17.0.201812190825/tools/compiler/bin/../lib/gcc/arm-none-eabi/7.3.1/../../../../arm-none-eabi/lib/thumb/v7-m\libc.a(lib_a-strlen-stub.o)
 .debug_frame   0x000019dc       0x5c c:/ac6/systemworkbench/plugins/fr.ac6.mcu.externaltools.arm-none.win32_1.17.0.201812190825/tools/compiler/bin/../lib/gcc/arm-none-eabi/7.3.1/../../../../arm-none-eabi/lib/thumb/v7-m\libc.a(lib_a-__call_atexit.o)
 .debug_frame   0x00001a38       0x20 c:/ac6/systemworkbench/plugins/fr.ac6.mcu.externaltools.arm-none.win32_1.17.0.201812190825/tools/compiler/bin/../lib/gcc/arm-none-eabi/7.3.1/../../../../arm-none-eabi/lib/thumb/v7-m\libc.a(lib_a-atexit.o)
 .debug_frame   0x00001a58       0x34 c:/ac6/systemworkbench/plugins/fr.ac6.mcu.externaltools.arm-none.win32_1.17.0.201812190825/tools/compiler/bin/../lib/gcc/arm-none-eabi/7.3.1/../../../../arm-none-eabi/lib/thumb/v7-m\libc.a(lib_a-fini.o)
 .debug_frame   0x00001a8c       0xb0 c:/ac6/systemworkbench/plugins/fr.ac6.mcu.externaltools.arm-none.win32_1.17.0.201812190825/tools/compiler/bin/../lib/gcc/arm-none-eabi/7.3.1/../../../../arm-none-eabi/lib/thumb/v7-m\libc.a(lib_a-lock.o)
 .debug_frame   0x00001b3c       0x34 c:/ac6/systemworkbench/plugins/fr.ac6.mcu.externaltools.arm-none.win32_1.17.0.201812190825/tools/compiler/bin/../lib/gcc/arm-none-eabi/7.3.1/../../../../arm-none-eabi/lib/thumb/v7-m\libc.a(lib_a-__atexit.o)
